{

      "verification": {
        "trust_framework": null,
        "evidence": [
          {
            "type": "id_document",
            "method": "uripp",
            "document": {
              "type": "driving_permit"
            }
          }
        ]
      },
      "claims": {
        "given_name": "JOE",
        "family_name": "DOE",
        "birthdate": "1992-06-20"
      }

}
